[2026-05-13T11:13:02.000359+00:00] resolver: start
[2026-05-13T11:13:02.004725+00:00] resolver: scanning 274 clusters across 10 topics
[2026-05-13T11:13:02.005069+00:00]   hormuz_status: CLOSED (conf=0.952, freshness=fresh, clusters=8)
[2026-05-13T11:13:02.006731+00:00]   us_iran_ceasefire: FRAGILE (conf=0.949, freshness=fresh, clusters=33)
[2026-05-13T11:13:02.006865+00:00]   opec_plus_policy: RETIRED (stale beyond 2× threshold)
[2026-05-13T11:13:02.006912+00:00]   global_risk_level: CRITICAL (score=65)
[2026-05-13T11:13:02.007087+00:00]   top_story: 'Russia's oil output down 460,000 bpd year-on-year in April, ' (score=94.65)
[2026-05-13T11:13:02.007140+00:00] resolver: 4 change(s), 4 meaningful, 3 publish-triggering
[2026-05-13T11:13:02.007171+00:00]   Δ hormuz_status.new_event: 'None' → 'CLOSED' (triggers_publish=True)
[2026-05-13T11:13:02.007199+00:00]   Δ us_iran_ceasefire.new_event: 'None' → 'FRAGILE' (triggers_publish=True)
[2026-05-13T11:13:02.007224+00:00]   Δ global_risk_level.new_event: 'None' → 'CRITICAL' (triggers_publish=False)
[2026-05-13T11:13:02.007247+00:00]   Δ top_story.new_event: 'None' → '' (triggers_publish=True)
[2026-05-13T11:13:02.007598+00:00] resolver: wrote /home/runner/work/energypricestoday.com/energypricestoday.com/data/state/events.json (4 events)
[2026-05-13T11:13:02.007663+00:00] ════════════════════════════════════════════════════════════
[2026-05-13T13:34:14.297434+00:00] resolver: start
[2026-05-13T13:34:14.301700+00:00] resolver: scanning 279 clusters across 10 topics
[2026-05-13T13:34:14.302097+00:00]   hormuz_status: CLOSED (conf=0.82, freshness=fresh, clusters=4)
[2026-05-13T13:34:14.303182+00:00]   us_iran_ceasefire: HOLDING (conf=0.5, freshness=fresh, clusters=8)
[2026-05-13T13:34:14.303335+00:00]   opec_plus_policy: HOLDING (conf=0.5, freshness=fresh, clusters=3)
[2026-05-13T13:34:14.303379+00:00]   global_risk_level: HIGH (score=50)
[2026-05-13T13:34:14.303552+00:00]   top_story: 'Vietnam's supplies of crude, refined oil amid Iran war' (score=95.93)
[2026-05-13T13:34:14.303616+00:00] resolver: 5 change(s), 5 meaningful, 0 publish-triggering
[2026-05-13T13:34:14.303646+00:00]   Δ us_iran_ceasefire.status: 'FRAGILE' → 'HOLDING' (triggers_publish=False)
[2026-05-13T13:34:14.303675+00:00]   Δ us_iran_ceasefire.risk_level: 'HIGH' → 'ELEVATED' (triggers_publish=False)
[2026-05-13T13:34:14.303701+00:00]   Δ opec_plus_policy.new_event: 'None' → 'HOLDING' (triggers_publish=False)
[2026-05-13T13:34:14.303725+00:00]   Δ global_risk_level.status: 'CRITICAL' → 'HIGH' (triggers_publish=False)
[2026-05-13T13:34:14.303749+00:00]   Δ global_risk_level.risk_level: 'CRITICAL' → 'HIGH' (triggers_publish=False)
[2026-05-13T13:34:14.304339+00:00] resolver: wrote /home/runner/work/energypricestoday.com/energypricestoday.com/data/state/events.json (5 events)
[2026-05-13T13:34:14.304380+00:00] ════════════════════════════════════════════════════════════
